// Jest Snapshot v1, https://goo.gl/fbAQLP

exports[`mapSearch reducer handles search results request 1`] = `
Object {
  "geoSearch": Object {
    "latitude": 52.3637006,
    "longitude": 4.7943446,
  },
  "isLoading": true,
}
`;

exports[`mapSearch reducer handles search results success 1`] = `
Object {
  "isLoading": false,
  "numberOfResults": undefined,
  "resultsMapPanel": Array [
    Object {
      "foo": "bar",
    },
  ],
}
`;

exports[`mapSearch reducer sets the initial state 1`] = `
Object {
  "category": null,
  "error": null,
  "isLoading": false,
  "numberOfResults": 0,
  "query": "",
  "resultsMap": Array [],
  "resultsMapPanel": Array [],
  "resultsQuery": Array [],
}
`;
