// Jest Snapshot v1, https://goo.gl/fbAQLP

exports[`Hotspot should render 1`] = `
<div
  className="hotspot"
>
  <button
    className="c-hotspot c-hotspot--year-2020 qa-hotspot-button"
  >
    <div
      className="qa-hotspot-rotation"
      style={
        Object {
          "height": "9px",
          "transform": "rotateX(9deg)",
          "width": "9px",
        }
      }
    >
      <div
        className="c-hotspot__image"
        style={
          Object {
            "height": "9px",
            "width": "9px",
          }
        }
      />
    </div>
    <span
      className="u-sr-only"
    >
      Navigeer naar deze locatie
    </span>
  </button>
</div>
`;
