// Jest Snapshot v1, https://goo.gl/fbAQLP

exports[`createClusterIcon should render 1`] = `
NewClass {
  "_initHooksCalled": true,
  "options": Object {
    "className": "o-highlight-cluster",
    "html": "<div
              aria-label=\\"Cluster met 10 onderdelen\\"
              class=\\"o-highlight-cluster__text\\">
            10
          </div>",
    "iconAnchor": Object {
      "x": 19,
      "y": 19,
    },
    "iconSize": Object {
      "x": 39,
      "y": 39,
    },
  },
}
`;
