// Jest Snapshot v1, https://goo.gl/fbAQLP

exports[`StatusBar should render 1`] = `
<div
  className="c-panorama-status-bar"
>
  <Connect(PanoramaToggle)
    currentLabel="Meest recent"
    heading={999}
    location={
      Array [
        2,
        3,
      ]
    }
  />
  <div
    className="c-panorama-status-bar__info"
  >
    <div
      className="c-panorama-status-bar__info-item"
    >
      <span>
        12.00, 9.00 (2.0000000, 3.0000000)
      </span>
    </div>
    <div
      className="c-panorama-status-bar__info-item"
    >
      <span />
    </div>
  </div>
</div>
`;
