// Jest Snapshot v1, https://goo.gl/fbAQLP

exports[`PanoramaContainer should render StatusBar when panoramaState is complete 1`] = `
<div
  className="c-panorama"
>
  <div
    className="c-panorama__marzipano js-marzipano-viewer"
    role="button"
    tabIndex="-1"
  />
  <ToggleFullscreen
    alignLeft={true}
    isFullscreen={false}
    onToggleFullscreen={[Function]}
    title="Panoramabeeld"
  />
  <IconButton
    alignLeft={false}
    extraClass=""
    icon="cross"
    onClick={[Function]}
    title="Sluit panorama"
  />
  <StatusBar
    currentLabel="Meest recent"
    date="2012-12-12T00:00:00.000Z"
    heading={999}
    location={
      Array [
        1,
        2,
      ]
    }
  />
</div>
`;

exports[`PanoramaContainer should render everything 1`] = `
<div
  className="c-panorama"
>
  <div
    className="c-panorama__marzipano js-marzipano-viewer"
    role="button"
    tabIndex="-1"
  />
  <ToggleFullscreen
    alignLeft={true}
    isFullscreen={false}
    onToggleFullscreen={[Function]}
    title="Panoramabeeld"
  />
  <IconButton
    alignLeft={false}
    extraClass=""
    icon="cross"
    onClick={[Function]}
    title="Sluit panorama"
  />
  <StatusBar
    currentLabel="Meest recent"
    date="2012-12-12T00:00:00.000Z"
    heading={999}
    location={
      Array [
        1,
        2,
      ]
    }
  />
</div>
`;
